---
source: src/widget.rs
expression: view
---
"        *       *       *       *       *       *       *       *       *      *"
"      *     *     *     *     *     *     *     *     *     *     *     *     * "
"                                                                                "
"Test of TAB setting/resetting. These two lines                                  "
"should look the same. Push <RETURN>                                             "
"                                                                                "
"                                                                                "
"                                                                                "
"                                                                                "
"                                                                                "
"                                                                                "
"                                                                                "
"                                                                                "
"                                                                                "
"                                                                                "
"                                                                                "
"                                                                                "
"                                                                                "
"                                                                                "
"                                                                                "
"                                                                                "
"                                                                                "
"                                                                                "
"                                                                                "

